#
# There is insufficient memory for the Java Runtime Environment to continue.
# Native memory allocation (mmap) failed to map 264241152 bytes. Error detail: G1 virtual space
# Possible reasons:
#   The system is out of physical RAM or swap space
#   This process is running with CompressedOops enabled, and the Java Heap may be blocking the growth of the native heap
# Possible solutions:
#   Reduce memory load on the system
#   Increase physical memory or swap space
#   Check if swap backing store is full
#   Decrease Java heap size (-Xmx/-Xms)
#   Decrease number of Java threads
#   Decrease Java thread stack sizes (-Xss)
#   Set larger code cache with -XX:ReservedCodeCacheSize=
#   JVM is running with Zero Based Compressed Oops mode in which the Java heap is
#     placed in the first 32GB address space. The Java Heap base address is the
#     maximum limit for the native heap growth. Please use -XX:HeapBaseMinAddress
#     to set the Java Heap base and to place the Java Heap above 32GB virtual address.
# This output file may be truncated or incomplete.
#
#  Out of Memory Error (os_windows.cpp:3703), pid=29300, tid=11692
#
# JRE version:  (23.0.1+11) (build )
# Java VM: Java HotSpot(TM) 64-Bit Server VM (23.0.1+11-39, mixed mode, sharing, tiered, compressed oops, compressed class ptrs, g1 gc, windows-amd64)
# No core dump will be written. Minidumps are not enabled by default on client versions of Windows
#

---------------  S U M M A R Y ------------

Command Line: -javaagent:C:\Program Files\JetBrains\IntelliJ IDEA Community Edition 2024.3.5\lib\idea_rt.jar=62186 -Dfile.encoding=UTF-8 -Dsun.stdout.encoding=UTF-8 -Dsun.stderr.encoding=UTF-8 Main

Host: 12th Gen Intel(R) Core(TM) i3-12100, 8 cores, 15G,  Windows 10 , 64 bit Build 19041 (10.0.19041.5915)
Time: Wed Jan 28 10:22:12 2026 SE Asia Standard Time elapsed time: 0.021199 seconds (0d 0h 0m 0s)

---------------  T H R E A D  ---------------

Current thread (0x000002862a887de0):  JavaThread "Unknown thread" [_thread_in_vm, id=11692, stack(0x000000eb12200000,0x000000eb12300000) (1024K)]

Stack: [0x000000eb12200000,0x000000eb12300000]
Native frames: (J=compiled Java code, j=interpreted, Vv=VM code, C=native code)
V  [jvm.dll+0x6e08b9]  (no source info available)
V  [jvm.dll+0x87dc83]  (no source info available)
V  [jvm.dll+0x88010e]  (no source info available)
V  [jvm.dll+0x8807e3]  (no source info available)
V  [jvm.dll+0x27aee6]  (no source info available)
V  [jvm.dll+0x6dd1c5]  (no source info available)
V  [jvm.dll+0x6d104a]  (no source info available)
V  [jvm.dll+0x35b3ea]  (no source info available)
V  [jvm.dll+0x3637f6]  (no source info available)
V  [jvm.dll+0x34fd5e]  (no source info available)
V  [jvm.dll+0x34fff8]  (no source info available)
V  [jvm.dll+0x3289cc]  (no source info available)
V  [jvm.dll+0x32966e]  (no source info available)
V  [jvm.dll+0x844355]  (no source info available)
V  [jvm.dll+0x3b9848]  (no source info available)
V  [jvm.dll+0x82d14c]  (no source info available)
V  [jvm.dll+0x454d4e]  (no source info available)
V  [jvm.dll+0x456bd1]  (no source info available)
C  [jli.dll+0x52a3]  (no source info available)
C  [ucrtbase.dll+0x21bb2]  (no source info available)
C  [KERNEL32.DLL+0x17374]  (no source info available)
C  [ntdll.dll+0x4cc91]  (no source info available)

Lock stack of current Java thread (top to bottom):


---------------  P R O C E S S  ---------------

Threads class SMR info:
_java_thread_list=0x00007ffb5e053618, length=0, elements={
}

Java Threads: ( => current thread )
Total: 0

Other Threads:
  0x000002862a94def0 WorkerThread "GC Thread#0"                     [id=14820, stack(0x000000eb12300000,0x000000eb12400000) (1024K)]
  0x000002862cbe9bd0 ConcurrentGCThread "G1 Main Marker"            [id=28188, stack(0x000000eb12400000,0x000000eb12500000) (1024K)]
  0x000002862cbeae00 WorkerThread "G1 Conc#0"                       [id=28264, stack(0x000000eb12500000,0x000000eb12600000) (1024K)]

[error occurred during error reporting (printing all threads), id 0xc0000005, EXCEPTION_ACCESS_VIOLATION (0xc0000005) at pc=0x00007ffb5d79bfba]
VM state: not at safepoint (not fully initialized)

VM Mutex/Monitor currently owned by a thread:  ([mutex/lock_event])
[0x00007ffb5e0d3a10] Heap_lock - owner thread: 0x000002862a887de0

Heap address: 0x0000000704000000, size: 4032 MB, Compressed Oops mode: Zero based, Oop shift amount: 3

CDS archive(s) mapped at: [0x0000000000000000-0x0000000000000000-0x0000000000000000), size 0, SharedBaseAddress: 0x0000000800000000, ArchiveRelocationMode: 1.
Narrow klass base: 0x0000000000000000, Narrow klass shift: 0, Narrow klass range: 0x0

GC Precious Log:
 CardTable entry size: 512
 Card Set container configuration: InlinePtr #cards 4 size 8 Array Of Cards #cards 16 size 48 Howl #buckets 8 coarsen threshold 3686 Howl Bitmap #cards 512 size 80 coarsen threshold 460 Card regions per heap region 1 cards per card region 4096

Heap:
 garbage-first heap   total reserved 4128768K, committed 0K, used 0K [0x0000000704000000, 0x0000000800000000)
  region size 2048K, 0 young (0K), 0 survivors (0K)

[error occurred during error reporting (printing heap information), id 0xc0000005, EXCEPTION_ACCESS_VIOLATION (0xc0000005) at pc=0x00007ffb5db9c3c9]
GC Heap History (0 events):
No events

Dll operation events (1 events):
Event: 0.017 Loaded shared library C:\Program Files\Java\jdk-23\bin\java.dll

Deoptimization events (0 events):
No events

Classes loaded (0 events):
No events

Classes unloaded (0 events):
No events

Classes redefined (0 events):
No events

Internal exceptions (0 events):
No events

VM Operations (0 events):
No events

Memory protections (0 events):
No events

Nmethod flushes (0 events):
No events

Events (0 events):
No events


Dynamic libraries:
0x00007ff6966f0000 - 0x00007ff696700000 	C:\Program Files\Java\jdk-23\bin\java.exe
0x00007ffbd31f0000 - 0x00007ffbd33e8000 	C:\Windows\SYSTEM32\ntdll.dll
0x00007ffbd1a10000 - 0x00007ffbd1ad2000 	C:\Windows\System32\KERNEL32.DLL
0x00007ffbd0880000 - 0x00007ffbd0b76000 	C:\Windows\System32\KERNELBASE.dll
0x0000000072280000 - 0x000000007231e000 	C:\ProgramData\Symantec\Symantec Endpoint Protection\14.3.10148.8000.105\Data\Sysfer\x64\sysfer.dll
0x00007ffbd0ec0000 - 0x00007ffbd0fc0000 	C:\Windows\System32\ucrtbase.dll
0x00007ffb96390000 - 0x00007ffb963a7000 	C:\Program Files\Java\jdk-23\bin\jli.dll
0x00007ffbd22e0000 - 0x00007ffbd2481000 	C:\Windows\System32\USER32.dll
0x00007ffbd0d30000 - 0x00007ffbd0d52000 	C:\Windows\System32\win32u.dll
0x00007ffbd2fd0000 - 0x00007ffbd2ffb000 	C:\Windows\System32\GDI32.dll
0x00007ffbd0c10000 - 0x00007ffbd0d29000 	C:\Windows\System32\gdi32full.dll
0x00007ffbd1170000 - 0x00007ffbd120d000 	C:\Windows\System32\msvcp_win.dll
0x00007ffbb5250000 - 0x00007ffbb54eb000 	C:\Windows\WinSxS\amd64_microsoft.windows.common-controls_6595b64144ccf1df_6.0.19041.6456_none_60b8a6cb71f64256\COMCTL32.dll
0x00007ffbd25d0000 - 0x00007ffbd266e000 	C:\Windows\System32\msvcrt.dll
0x00007ffb96280000 - 0x00007ffb9629b000 	C:\Program Files\Java\jdk-23\bin\VCRUNTIME140.dll
0x00007ffbd22b0000 - 0x00007ffbd22df000 	C:\Windows\System32\IMM32.DLL
0x00007ffbcb910000 - 0x00007ffbcb91c000 	C:\Program Files\Java\jdk-23\bin\vcruntime140_1.dll
0x00007ffb6e3f0000 - 0x00007ffb6e47e000 	C:\Program Files\Java\jdk-23\bin\msvcp140.dll
0x00007ffb5d460000 - 0x00007ffb5e1af000 	C:\Program Files\Java\jdk-23\bin\server\jvm.dll
0x00007ffbd17b0000 - 0x00007ffbd1861000 	C:\Windows\System32\ADVAPI32.dll
0x00007ffbd2680000 - 0x00007ffbd271f000 	C:\Windows\System32\sechost.dll
0x00007ffbd28a0000 - 0x00007ffbd29c0000 	C:\Windows\System32\RPCRT4.dll
0x00007ffbd0e10000 - 0x00007ffbd0e37000 	C:\Windows\System32\bcrypt.dll
0x00007ffbd2830000 - 0x00007ffbd289b000 	C:\Windows\System32\WS2_32.dll
0x00007ffbcfd80000 - 0x00007ffbcfdcb000 	C:\Windows\SYSTEM32\POWRPROF.dll
0x00007ffb9eb80000 - 0x00007ffb9eba7000 	C:\Windows\SYSTEM32\WINMM.dll
0x00007ffbc88b0000 - 0x00007ffbc88ba000 	C:\Windows\SYSTEM32\VERSION.dll
0x00007ffbcfc40000 - 0x00007ffbcfc52000 	C:\Windows\SYSTEM32\UMPDC.dll
0x00007ffbce4f0000 - 0x00007ffbce502000 	C:\Windows\SYSTEM32\kernel.appcore.dll
0x00007ffbc48c0000 - 0x00007ffbc48ca000 	C:\Program Files\Java\jdk-23\bin\jimage.dll
0x00007ffbcbfd0000 - 0x00007ffbcc1d1000 	C:\Windows\SYSTEM32\DBGHELP.DLL
0x00007ffbab7a0000 - 0x00007ffbab7d4000 	C:\Windows\SYSTEM32\dbgcore.DLL
0x00007ffbd0b80000 - 0x00007ffbd0c02000 	C:\Windows\System32\bcryptPrimitives.dll
0x00007ffbaa030000 - 0x00007ffbaa03f000 	C:\Program Files\Java\jdk-23\bin\instrument.dll
0x00007ffb949c0000 - 0x00007ffb949de000 	C:\Program Files\Java\jdk-23\bin\java.dll
0x00007ffbd24a0000 - 0x00007ffbd25cb000 	C:\Windows\System32\ole32.dll
0x00007ffbd29c0000 - 0x00007ffbd2d14000 	C:\Windows\System32\combase.dll
0x00007ffbd1b40000 - 0x00007ffbd22b0000 	C:\Windows\System32\SHELL32.dll

dbghelp: loaded successfully - version: 4.0.5 - missing functions: none
symbol engine: initialized successfully - sym options: 0x614 - pdb path: .;C:\Program Files\Java\jdk-23\bin;C:\Windows\SYSTEM32;C:\ProgramData\Symantec\Symantec Endpoint Protection\14.3.10148.8000.105\Data\Sysfer\x64;C:\Windows\WinSxS\amd64_microsoft.windows.common-controls_6595b64144ccf1df_6.0.19041.6456_none_60b8a6cb71f64256;C:\Program Files\Java\jdk-23\bin\server

VM Arguments:
jvm_args: -javaagent:C:\Program Files\JetBrains\IntelliJ IDEA Community Edition 2024.3.5\lib\idea_rt.jar=62186 -Dfile.encoding=UTF-8 -Dsun.stdout.encoding=UTF-8 -Dsun.stderr.encoding=UTF-8 
java_command: Main
java_class_path (initial): C:\Users\loi.nguyen2\Desktop\java-core\out\production\java-core
Launcher Type: SUN_STANDARD

[Global flags]
     intx CICompilerCount                          = 4                                         {product} {ergonomic}
     uint ConcGCThreads                            = 2                                         {product} {ergonomic}
     uint G1ConcRefinementThreads                  = 8                                         {product} {ergonomic}
   size_t G1HeapRegionSize                         = 2097152                                   {product} {ergonomic}
   size_t InitialHeapSize                          = 264241152                                 {product} {ergonomic}
   size_t MarkStackSize                            = 4194304                                   {product} {ergonomic}
   size_t MarkStackSizeMax                         = 536870912                                 {product} {ergonomic}
   size_t MaxHeapSize                              = 4227858432                                {product} {ergonomic}
   size_t MinHeapDeltaBytes                        = 2097152                                   {product} {ergonomic}
   size_t MinHeapSize                              = 8388608                                   {product} {ergonomic}
    uintx NonNMethodCodeHeapSize                   = 5832704                                {pd product} {ergonomic}
    uintx NonProfiledCodeHeapSize                  = 122945536                              {pd product} {ergonomic}
    uintx ProfiledCodeHeapSize                     = 122880000                              {pd product} {ergonomic}
    uintx ReservedCodeCacheSize                    = 251658240                              {pd product} {ergonomic}
     bool SegmentedCodeCache                       = true                                      {product} {ergonomic}
   size_t SoftMaxHeapSize                          = 4227858432                             {manageable} {ergonomic}
     bool UseCompressedOops                        = true                           {product lp64_product} {ergonomic}
     bool UseG1GC                                  = true                                      {product} {ergonomic}
     bool UseLargePagesIndividualAllocation        = false                                  {pd product} {ergonomic}

Logging:
Log output configuration:
 #0: stdout all=warning uptime,level,tags foldmultilines=false
 #1: stderr all=off uptime,level,tags foldmultilines=false

Environment Variables:
JAVA_HOME=C:\Program Files\Microsoft\jdk-11.0.29.7-hotspot\
PATH=C:\Program Files (x86)\Microsoft SDKs\Azure\CLI2\wbin;C:\Program Files\Microsoft SDKs\Azure\CLI2\wbin;C:\Program Files\Microsoft\jdk-11.0.29.7-hotspot\bin;C:\Python310\Scripts\;C:\Python310\;C:\Program Files\Common Files\Oracle\Java\javapath;C:\Windows\system32;C:\Windows;C:\Windows\System32\Wbem;C:\Windows\System32\WindowsPowerShell\v1.0\;C:\Windows\System32\OpenSSH\;C:\Program Files\dotnet\;C:\Program Files\Amazon\AWSCLIV2\;C:\Program Files\Cloudflare\Cloudflare WARP\;C:\Users\loi.nguyen2\AppData\Local\nvm;C:\Program Files\nodejs;C:\Program Files\Go\bin;C:\xampp\php;C:\composer\bin;C:\composer;C:\xampp\php;C:\ProgramData\chocolatey\bin;C:\Program Files\Git\cmd;C:\Program Files\Docker\Docker\resources\bin;C:\php81;C:\Program Files\Microsoft\Azure Functions Core Tools\;C:\ProgramData\chocolatey\lib\maven\apache-maven-3.9.12\bin;C:\Program Files\OpenSSL\bin;C:\Users\loi.nguyen2\AppData\Local\Programs\Python\Launcher\;C:\Users\loi.nguyen2\AppData\Local\Microsoft\WindowsApps;C:\Users\loi.nguyen2\AppData\Local\Programs\Microsoft VS Code\bin;C:\Users\loi.nguyen2\AppData\Local\Microsoft\WinGet\Packages\Schniz.fnm_Microsoft.Winget.Source_8wekyb3d8bbwe;C:\Program Files (x86)\MongoDB Atlas CLI\;C:\Users\loi.nguyen2\AppData\Roaming\npm;C:\Users\loi.nguyen2\AppData\Local\nvm;C:\Program Files\nodejs;C:\Users\loi.nguyen2\go\bin;C:\Users\loi.nguyen2\AppData\Roaming\Composer\vendor\bin;C:\Users\loi.nguyen2\AppData\Local\Programs\Antigravity\bin;C:\Users\loi.nguyen2\.dotnet\tools
USERNAME=loi.nguyen2
OS=Windows_NT
PROCESSOR_IDENTIFIER=Intel64 Family 6 Model 151 Stepping 5, GenuineIntel
TMP=C:\Users\LOI~1.NGU\AppData\Local\Temp
TEMP=C:\Users\LOI~1.NGU\AppData\Local\Temp




Periodic native trim disabled

---------------  S Y S T E M  ---------------

OS:
 Windows 10 , 64 bit Build 19041 (10.0.19041.5915)
OS uptime: 1 days 19:26 hours
Hyper-V role detected

CPU: total 8 (initial active 8) (4 cores per cpu, 2 threads per core) family 6 model 151 stepping 5 microcode 0x23, cx8, cmov, fxsr, ht, mmx, 3dnowpref, sse, sse2, sse3, ssse3, sse4.1, sse4.2, popcnt, lzcnt, tsc, tscinvbit, avx, avx2, aes, erms, clmul, bmi1, bmi2, adx, sha, fma, vzeroupper, clflush, clflushopt, clwb, hv, rdtscp, rdpid, fsrm, gfni, f16c, cet_ibt, cet_ss
Processor Information for the first 8 processors :
  Max Mhz: 3300, Current Mhz: 3300, Mhz Limit: 3300

Memory: 4k page, system-wide physical 16125M (853M free)
TotalPageFile size 32509M (AvailPageFile size 242M)
current process WorkingSet (physical memory assigned to process): 12M, peak: 12M
current process commit charge ("private bytes"): 61M, peak: 312M

vm_info: Java HotSpot(TM) 64-Bit Server VM (23.0.1+11-39) for windows-amd64 JRE (23.0.1+11-39), built on 2024-09-30T07:20:43Z with MS VC++ 17.6 (VS2022)

END.
